// Jest Snapshot v1, https://goo.gl/fbAQLP

exports[`Probando el componente GifItem Debe ahcer match con el snapshot 1`] = `
<div>
  <div
    class="card"
  >
    <img
      alt="títuloo"
      src="url"
    />
    <p>
      títuloo
    </p>
  </div>
</div>
`;
