// Jest Snapshot v1, https://goo.gl/fbAQLP

exports[`Pruebas en el componente <CounterApp /> Debe de hacer match con el snapshot 1`] = `undefined`;
