// Jest Snapshot v1, https://goo.gl/fbAQLP

exports[`Pruebas en <FirstApp /> Debe de hacer match con el snapshot 1`] = `
<div>
  <h1>
     
    Hola, Soy Goku
     
  </h1>
  <p>
    No hay ning√∫n subtitulo
  </p>
  <p>
    Fernando Herrera
  </p>
</div>
`;
